2026-06-06T19:15:01.645Z Insertando en carrito: {"usuario_id":6,"producto_id":3,"color":"Negro","cantidad":1}
2026-06-06T19:15:01.649Z Carrito insertado id: 29
2026-06-06T19:15:15.571Z Insertando en carrito: {"usuario_id":6,"producto_id":3,"color":"Rosado","cantidad":1}
2026-06-06T19:15:15.577Z Carrito insertado id: 30
2026-06-06T19:18:09.960Z Insertando en carrito: {"usuario_id":6,"producto_id":3,"color":"Negro","cantidad":1}
2026-06-06T19:18:09.965Z Carrito insertado id: 31
2026-06-06T19:18:25.718Z Insertando en carrito: {"usuario_id":6,"producto_id":4,"color":"Negro","cantidad":1}
2026-06-06T19:18:25.725Z Carrito insertado id: 32
2026-06-06T19:21:47.678Z Insertando en carrito: {"usuario_id":6,"producto_id":4,"color":"Marrón","cantidad":1}
2026-06-06T19:21:47.681Z Carrito insertado id: 33
2026-06-06T19:22:38.693Z Insertando en carrito: {"usuario_id":6,"producto_id":3,"color":"Negro","cantidad":1}
2026-06-06T19:22:38.710Z Carrito insertado id: 34
2026-06-06T19:26:54.117Z Insertando en carrito: {"usuario_id":6,"producto_id":3,"color":"Beige","cantidad":1}
2026-06-06T19:26:54.122Z Carrito insertado id: 35
2026-06-06T19:34:03.518Z Insertando en carrito: {"usuario_id":6,"producto_id":3,"color":"Beige","cantidad":1}
2026-06-06T19:34:03.522Z Carrito insertado id: 36
2026-06-06T19:34:11.268Z Insertando en carrito: {"usuario_id":6,"producto_id":3,"color":"Marrón","cantidad":1}
2026-06-06T19:34:11.271Z Carrito insertado id: 37
2026-06-06T19:34:23.238Z Insertando en carrito: {"usuario_id":6,"producto_id":3,"color":"Negro","cantidad":1}
2026-06-06T19:34:23.244Z Carrito insertado id: 38
2026-06-06T19:35:27.364Z Insertando en carrito: {"usuario_id":6,"producto_id":4,"color":"Rosado","cantidad":1}
2026-06-06T19:35:27.370Z Carrito insertado id: 39
2026-06-06T19:37:02.472Z Insertando en carrito: {"usuario_id":6,"producto_id":4,"color":"Negro","cantidad":1}
2026-06-06T19:37:02.476Z Carrito insertado id: 40
2026-06-06T19:37:11.958Z Insertando en carrito: {"usuario_id":6,"producto_id":3,"color":"Marrón","cantidad":1}
2026-06-06T19:37:11.960Z Carrito insertado id: 41
2026-06-06T19:45:45.992Z Insertando en carrito: {"usuario_id":5,"producto_id":4,"color":"Negro","cantidad":1}
2026-06-06T19:45:45.998Z Carrito insertado id: 42
2026-06-06T19:52:47.944Z Insertando en carrito: {"usuario_id":5,"producto_id":3,"color":"Negro","cantidad":1}
2026-06-06T19:52:47.947Z Carrito insertado id: 43
2026-06-06T19:53:50.330Z Insertando en carrito: {"usuario_id":5,"producto_id":3,"color":"Negro","cantidad":1}
2026-06-06T19:53:50.333Z Carrito insertado id: 44
2026-06-06T19:54:00.780Z Insertando en carrito: {"usuario_id":5,"producto_id":3,"color":"Negro","cantidad":1}
2026-06-06T19:54:00.783Z Carrito insertado id: 45
2026-06-06T19:55:56.882Z Insertando en carrito: {"usuario_id":5,"producto_id":3,"color":"Negro","cantidad":1}
2026-06-06T19:55:56.884Z Carrito insertado id: 46
2026-06-06T19:56:28.323Z Insertando en carrito: {"usuario_id":5,"producto_id":3,"color":"Rosado","cantidad":1}
2026-06-06T19:56:28.326Z Carrito insertado id: 47
2026-06-07T21:57:04.888Z Insertando en carrito: {"usuario_id":5,"producto_id":4,"color":"Rosado","cantidad":1}
2026-06-07T21:57:04.965Z Carrito insertado id: 1
